warning: value assigned to `x` is never read
  --> borrows.rs:72:5
   |
72 |     x = y;
   |     ^
   |
   = help: maybe it is overwritten before being read?
   = note: `#[warn(unused_assignments)]` on by default

warning: 1 warning emitted

