warning: function `identity` is never used
   --> 06_map_precond.rs:155:4
    |
155 | fn identity<I: Iterator>(iter: I) {
    |    ^^^^^^^^
    |
    = note: `#[warn(dead_code)]` on by default

warning: function `increment` is never used
   --> 06_map_precond.rs:161:4
    |
161 | fn increment<I: Iterator<Item = u32>>(iter: I) {
    |    ^^^^^^^^^

warning: path statement with no effect
  --> 06_map_precond.rs:95:27
   |
95 |         let _ = ghost! { {Seq::<I::Item>::left_neutral;} };
   |                           ^^^^^^^^^^^^^^^^^^^^^^^^^^^^^
   |
   = note: `#[warn(path_statements)]` on by default

warning: path statement with no effect
  --> 06_map_precond.rs:96:23
   |
96 |         proof_assert!(Self::inv_trans; true);
   |                       ^^^^^^^^^^^^^^^^

warning: 4 warnings emitted

