error[creusot]: type invariants for arrays with generic length are not supported!

error: aborting due to previous error

